[   0.0000 Lnux ersin 4.5.042-geeric (buldd@lw01-ad64-03) (gcc version 7..0 (Uuntu .3.0-6ubuntu)) #45Ubuntu SMP Thu Nov 15 19:32:57 UTC 2018 (Ubuntu 4.15.0-42.45-generic 4.15.18)
[    0.000000] Command line: BOOT_IMAGE=/boot/vmlinuz-4.15.0-42-generic root=LABEL=cloudimg-rootfs ro console=tty1 console=ttyS0
[    0.000000] KERNEL supported cpus:
[    0.000000]   Intel GenuineIntel
[    0.000000]   AMD AuthenticAMD
[    0.000000]   Centaur CentaurHauls
[    0.000000] random: get_random_u32 called from bsp_init_amd+0x255/0x2a0 with crng_init=0
[    0.000000] x86/fpu: Supporting XSAVE feature 0x001: 'x87 floating point registers'
[    0.000000] x86/fpu: Supporting XSAVE feature 0x002: 'SSE registers'
[    0.000000] x86/fpu: Supporting XSAVE feature 0x004: 'AVX registers'
[    0.000000] x86/fpu: xstate_offset[2]:  576, xstate_sizes[2]:  256
[    0.000000] x86/fpu: Enabled xstate features 0x7, context size is 832 bytes, using 'standard' format.
[    0.000000] e820: BIOS-provided physical RAM map:
[    0.000000] BIOS-e820: [mem 0x0000000000000000-0x000000000009fbff] usable
[    0.000000] BIOS-e820: [mem 0x000000000009fc00-0x000000000009ffff] reserved
[    0.000000] BIOS-e820: [mem 0x00000000000f0000-0x00000000000fffff] reserved
[    0.000000] BIOS-e820: [mem 0x0000000000100000-0x000000003ffeffff] usable
[    0.000000] BIOS-e820: [mem 0x000000003fff0000-0x000000003fffffff] ACPI data
[    0.000000] BIOS-e820: [mem 0x00000000fec00000-0x00000000fec00fff] reserved
[    0.000000] BIOS-e820: [mem 0x00000000fee00000-0x00000000fee00fff] reserved
[    0.000000] BIOS-e820: [mem 0x00000000fffc0000-0x00000000ffffffff] reserved
[    0.000000] NX (Execute Disable) protection: active
[    0.000000] SMBIOS 2.5 present.
[    0.000000] DMI: innotek GmbH VirtualBox/VirtualBox, BIOS VirtualBox 12/01/2006
[    0.000000] Hypervisor detected: KVM
[    0.000000] AGP: No AGP bridge found
[    0.000000] e820: last_pfn = 0x3fff0 max_arch_pfn = 0x400000000
[    0.000000] MTRR: Disabled
[    0.000000] x86/PAT: MTRRs disabled, skipping PAT initialization too.
[    0.000000] CPU MTRRs all blank - virtualized system.
[    0.000000] x86/PAT: Configuration [0-7]: WB  WT  UC- UC  WB  WT  UC- UC  
[    0.000000] found SMP MP-table at [mem 0x0009fff0-0x0009ffff] mapped at [        (ptrval)]
[    0.000000] Scanning 1 areas for low memory corruption
[    0.000000] RAMDISK: [mem 0x35ae3000-0x36d68fff]
[    0.000000] ACPI: Early table checksum verification disabled
[    0.000000] ACPI: RSDP 0x00000000000E0000 000024 (v02 VBOX  )
[    0.000000] ACPI: XSDT 0x000000003FFF0030 00003C (v01 VBOX   VBOXXSDT 00000001 ASL  00000061)
[    0.000000] ACPI: FACP 0x000000003FFF00F0 0000F4 (v04 VBOX   VBOXFACP 00000001 ASL  00000061)
[    0.000000] ACPI: DSDT 0x000000003FFF0470 0021FF (v02 VBOX   VBOXBIOS 00000002 INTL 20180105)
[    0.000000] ACPI: FACS 0x000000003FFF0200 000040
[   0.0000] ACP: FACS0x00000003FFF0200 000040
[    0.000000] ACPI: APIC 0x00000003FF0240 00005C (v02 VBOX   VBOXAPIC 00000001 ASL  00000061)
[   0.00000] ACPI:SSDT 0x0000000FFF0A0 0001CC v01 BOX  VBOXCUT 000002 INL 2018005)
[   0.00000]No NMA configuration found
[    0.000000] Faking a nde at [mem 0x0000000000000000-0x000000003ffeffff]
[    0.000000] NODE_DATA(0) allocated [mem 0x3ffc5000-0x3ffeffff]
[    0.000000] kvm-clock: cpu 0, msr 0:3ff44001, primary cpu clock
[    0.000000] kvm-clock: Using msrs 4b564d01 and 4b564d00
[    0.000000] kvm-clock: using sched offset of 4108191222 cycles
[    0.000000] clocksource: kvm-clock: mask: 0xffffffffffffffff max_cycles: 0x1cd42e4dffb, max_idle_ns: 881590591483 ns
[    0.000000] Zone ranges:
[    0.000000]   DMA      [mem 0x0000000000001000-0x0000000000ffffff]
[    0.000000]   DMA32    [mem 0x0000000001000000-0x000000003ffeffff]
[    0.000000]   Normal   empty
[    0.000000]   Device   empty
[    0.000000] Movable zone start for each node
[    0.000000] Early memory node ranges
[    0.000000]   node   0: [mem 0x0000000000001000-0x000000000009efff]
[    0.000000]   node   0: [mem 0x0000000000100000-0x000000003ffeffff]
[    0.000000] Initmem setup node 0 [mem 0x0000000000001000-0x000000003ffeffff]
[    0.000000] Reserved but unavailable: 98 pages
[    0.000000] ACPI: PM-Timer IO Port: 0x4008
[    0.000000] IOAPIC[0]: apic_id 2, version 32, address 0xfec00000, GSI 0-23
[    0.000000] ACPI: INT_SRC_OVR (bus 0 bus_irq 0 global_irq 2 dfl dfl)
[    0.000000] ACPI: INT_SRC_OVR (bus 0 bus_irq 9 global_irq 9 low level)
[    0.000000] Using ACPI (MADT) for SMP configuration information
[    0.000000] smpboot: Allowing 2 CPUs, 0 hotplug CPUs
[    0.000000] PM: Registered nosave memory: [mem 0x00000000-0x00000fff]
[    0.000000] PM: Registered nosave memory: [mem 0x0009f000-0x0009ffff]
[    0.000000] PM: Registered nosave memory: [mem 0x000a0000-0x000effff]
[    0.000000 PM: Registered nosave memory: [mem 0x000f0000-0x000fffff]
[    0.000000] e820: [mem 0x40000000-0xfebfffff] availabl for PCI devices
[    0.000000] Booting paravirtualized kernel on KVM
[    0.000000] clocksource: refined-jiffies: mask: 0xffffffff max_cycles: 0xffffffff, max_idle_ns: 7645519600211568 ns
[    0.000000] setup_percpu: NR_CPUS:8192 nr_cpumask_bits:2 nr_cpu_ids:2 nr_node_ids:1
[    0.000000] percpu: Embedded 46 pages/cpu @        (ptrval) s151552 r8192 d28672 u1048576
[    0.000000] PV qspinlock hash table entries: 256 (order: 0, 4096 bytes)
[    0.000000] Built 1 zonelists, mobility grouping on.  Total pages: 257913
[    0.000000] Policy zone: DMA32
[    0.000000] Kernel command line: BOOT_IMAGE=/boot/vmlinuz-4.15.0-42-generic root=LABEL=cloudimg-rootfs ro console=tty1 console=ttyS0
[    0.000000] AGP: Checking aperture...
[    0.000000] AGP: No AGP bridge found
[    0.000000] Memory: 983616K/1048120K available (12300K kernel code, 2472K rwdata, 422K rodata, 2408K init, 2416K bss, 64504K reserved, 0K cma-reserved)
[    0.000000] SLUB: HWaign=64, Orde=0-3, MinObjects=0, CPUs=2, ode=1
[    0.000000] ftrace: allocating 39186 entries in 154 pages
[    0.04000] Herachical CU implementation.
[    0.00400] 	RU retricing PUs frm NR_CPUS8192 to r_cp_ids2.
[   0.04000 	Tasks CU enbled.
[   0.00400] RCU: Adjuting gometry for rc_fanut_leaf=16, nr_cpu_ids=2
[    0.004000] NR_IRQS:524544, nr_irqs: 440, preallocated irqs: 16
[    0.004000] Console: colour VGA+ 80x25
[    0.004000] console [tty1] enabled
[    0.004000] console [ttyS0] enabled
[    0.004000] ACPI: Core revision 20170831
[    0.004000] ACPI: 2 ACPI AM tabes sccessfully acquired and loaded
[    0.004000] APIC: Switch to symmetric I/O mode setup
[    0.004357] x2apic enabled
[    0.008010] Switched APIC routing to physical x2apic.
[    0.010803] ..TIMER: vector=0x30 apic1=0 pin1=2 apic2=-1 pin2=-1
[    0.012011] tsc: Detected 4018.024 MHz processor
[    0.016024] tsc: Marking TSC unstable due to TSCs unsynchronized
[    0.020005] Calibrating delay loop (skipped) preset value.. 8036.04 BogoMIPS (lpj=16072096)
[    0.022245] pid_max: default: 32768 minimum: 301
[    0.024045] Security Framework initialized
[    0.025028] Yama: becoming mindful.
[    0.025908] AppArmor: AppArmor initialized
[    0.032097] Dentry cache hash table entries: 131072 (order: 8, 1048576 bytes)
[    0.036227] Inode-cache hash table entries: 65536 (order: 7, 524288 bytes)
[    0.038868] Mount-cache hash table entries: 2048 (order: 2, 16384 bytes)
[    0.040007] Mountpoint-cache hash table entries: 2048 (order: 2, 16384 bytes)
[    0.044232] mce: CPU supports 0 MCE banks
[    0.045087] Last level iTLB entries: 4KB 512, 2MB 1024, 4MB 512
[    0.048002] Last level dTLB entries: 4KB 1024, 2MB 1024, 4MB 512, 1GB 0
[    0.052004] Spectre V2 : Spectre mitigation: LFENCE not serializing, switching to generic retpoline
[    0.056002] Spectre V2 : Mitigation: Full generic retpoline
[    0.056950] Spectre V2 : Spectre v2 / SpectreRSB mitigation: Filling RSB on context switch
[    0.058413] Speculative Store Bypass: Mitigation: Speculative Store Bypass disabled via prctl and seccomp
[    0.060113] Freeing SMP alternatives memory: 36K
[    0.064000] smpboot: CPU0: AMD FX(tm)-8350 Eight-Core Processor (family: 0x15, model: 0x2, stepping: 0x0)
[    0.064000] Performance Events: PMU not available due to virtualization, using software events only.
[    0.064000] Hierarchical SRCU implementation.
[    0.064573] NMI watchdog: Perf event create on CPU 0 failed with -2
[    0.065514] NMI watchdog: Perf NMI watchdog permanently disabled
[    0.066494] smp: Bringing up secondary CPUs ...
[    0.067332] x86: Booting SMP configuration:
[    0.068002] .... node  #0, CPUs:      #1
[    0.004000] kvm-clock: cpu 1, msr 0:3ff44041, secondary cpu clock
[    0.004000] mce: CPU supports 0 MCE banks
[    0.070524] smp: Brought up 1 node, 2 CPUs
[    0.070524] smpboot: Max logical packages: 1
[    0.072005] smpboot: Total of 2 processors activated (16072.09 BogoMIPS)
[    0.073153] devtmpfs: initialized
[    0.073153] x86/mm: Memory block size: 128MB
[    0.073153] evm: security.selinux
[    0.172011] evm: security.SMACK64
[    0.280008] evm: security.SMACK64EXEC
[    0.388005] evm: security.SMACK64TRANSMUTE
[    0.516007] evm: security.SMACK64MMAP
[    0.608006] evm: security.apparmor
[    0.700005] evm: security.ima
[    0.804009] evm: security.capability
[    0.872775] clocksource: jiffies: mask: 0xffffffff max_cycles: 0xffffffff, max_idle_ns: 7645041785100000 ns
[    1.228022] futex hash table entries: 512 (order: 3, 32768 bytes)
[    1.420113] pinctrl core: initialized pinctrl subsystem
[    1.572024] RTC time:  5:40:52, date: 12/05/18
[    1.604087] NET: Registered protocol family 16
[    1.660126] audit: initializing netlink subsys (disabled)
[    1.660981] audit: type=2000 audit(1543988453.247:1): state=initialized audit_enabled=0 res=1
[    1.664018] cpuidle: using governor ladder
[    1.664922] cpuidle: using governor menu
[    1.668312] ACPI: bus type PCI registered
[    1.672005] acpiphp: ACPI Hot Plug PCI Controller Driver version: 0.5
[    1.673133] PCI: Using configuration type 1 for base access
[    1.676002] PCI: Using configuration type 1 for extended access
[    1.680526] HugeTLB registered 2.00 MiB page size, pre-allocated 0 pages
[    1.684163] ACPI: Added _OSI(Module Device)
[    1.685087] ACPI: Added _OSI(Processor Device)
[    1.804014] ACPI: Added _OSI(3.0 _SCP Extensions)
[    1.880014] ACPI: Added _OSI(Processor Aggregator Device)
[    2.000035] ACPI: Added _OSI(Linux-Dell-Video)
[    2.004022] ACPI: Added _OSI(Linux-Lenovo-NV-HDMI-Audio)
[    2.008127] ACPI: Executed 1 blocks of module-level executable AML code
[    2.017224] ACPI: Interpreter enabled
[    2.017924] ACPI: (supports S0 S5)
[    2.020003] ACPI: Using IOAPIC for interrupt routing
[    2.021093] PCI: Using host bridge windows from ACPI; if necessary, use "pci=nocrs" and report a bug
[    2.024138] ACPI: Enabled 2 GPEs in block 00 to 07
[    2.036062] ACPI: PCI Root Bridge [PCI0] (domain 0000 [bus 00-ff])
[    2.037096] acpi PNP0A03:00: _OSC: OS supports [ExtendedConfig ASPM ClockPM Segments MSI]
[    2.040058] acpi PNP0A03:00: _OSC: OS now controls [PCIeHotplug PME AER PCIeCapability]
[    2.041659] PCI host bridge to bus 0000:00
[    2.044003] pci_bus 0000:00: root bus resource [io  0x0000-0x0cf7 window]
[    2.045067] pci_bus 0000:00: root bus resource [io  0x0d00-0xffff window]
[    2.046110] pci_bus 0000:00: root bus resource [mem 0x000a0000-0x000bffff window]
[    2.048003] pci_bus 0000:00: root bus resource [mem 0x40000000-0xfdffffff window]
[    2.052003] pci_bus 0000:00: root bus resource [bus 00-ff]
[    2.056620] pci 0000:00:01.1: legacy IDE quirk: reg 0x10: [io  0x01f0-0x01f7]
[    2.057748] pci 0000:00:01.1: legacy IDE quirk: reg 0x14: [io  0x03f6]
[    2.060003] pci 0000:00:01.1: legacy IDE quirk: reg 0x18: [io  0x0170-0x0177]
[    2.061150] pci 0000:00:01.1: legacy IDE quirk: reg 0x1c: [io  0x0376]
[    2.087468] pci 0000:00:07.0: quirk: [io  0x4000-0x403f] claimed by PIIX4 ACPI
[    2.088022] pci 0000:00:07.0: quirk: [io  0x4100-0x410f] claimed by PIIX4 SMB
[    2.100338] ACPI: PCI Interrupt Link [LNKA] (IRQs 5 9 10 *11)
[    2.102289] ACPI: PCI Interrupt Link [LNKB] (IRQs 5 9 *10 11)
[    2.104158] ACPI: PCI Interrupt Link [LNKC] (IRQs 5 *9 10 11)
[    2.105705] ACPI: PCI Interrupt Link [LNKD] (IRQs 5 9 10 *11)
[    2.107228] SCSI subsystem initialized
[    2.108120] pci 0000:00:02.0: vgaarb: setting as boot VGA device
[    2.112000] pci 0000:00:02.0: vgaarb: VGA device added: decodes=io+mem,owns=io+mem,locks=none
[    2.112013] pci 0000:00:02.0: vgaarb: bridge control possible
[    2.116004] vgaarb: loaded
[    2.120060] ACPI: bus type USB registered
[    2.124073] usbcore: registered new interface driver usbfs
[    2.125609] usbcore: registered new interface driver hub
[    2.128045] usbcore: registered new device driver usb
[    2.132112] EDAC MC: Ver: 3.0.0
[    2.132856] PCI: Using ACPI for IRQ routing
[    2.133048] NetLabel: Initializing
[    2.133681] NetLabel:  domain hash size = 128
[    2.136003] NetLabel:  protocols = UNLABELED CIPSOv4 CALIPSO
[    2.136966] NetLabel:  unlabeled traffic allowed by default
[    2.140093] clocksource: Switched to clocksource kvm-clock
[    2.152265] VFS: Disk quotas dquot_6.6.0
[    2.164003] VFS: Dquot-cache hash table entries: 512 (order 0, 4096 bytes)
[    2.165254] AppArmor: AppArmor Filesystem Enabled
[    2.166071] pnp: PnP ACPI init
[    2.167526] pnp: PnP ACPI: found 3 devices
[    2.1743clksrc ai_pmma: ffffaxycles: 0xffffff, max_idle_ns: 2085701024 ns
[    2.728300] NET: Registered protocol family 2

[    2.729978] TCP established hash table entries: 8192 (order: 4, 65536 bytes)
[    2.731071] TCP bind hash table entries: 8192 (order: 5, 131072 bytes)
[    2.733187] TCP: Hash tables configured (established 8192 bind 8192)
[    2.734187] UDP hash table entries: 512 (order: 2, 16384 bytes)
[    2.735083] UDP-Lite hash table entries: 512 (order: 2, 16384 bytes)
[    2.736080] NET: Registered protocol family 1
[    2.736812] pci 0000:00:00.0: Limiting direct PCI/PCI transfers
[    2.737156] pci 0000:00:01.0: Activating ISA DMA hang workarounds
[    2.737156] pci 0000:00:02.0: Video device with shadowed ROM at [mem 0x000c0000-0x000dffff]
[    2.737156] Unpacking initramfs...
[  2376]rengnid mo: 8968

[    3.510259] clocksource: tsc: mask: 0xffffffffffffffff max_cycles: 0x39eadfbaba6, max_idle_ns: 440795370965 ns
[    3.516296] platform rtc_cmos: registered platform RTC device (no PNP device found)
[    3.516340] Scanning for low memory corruption every 60 seconds
[    3.517246] Initialise system trusted keyrings
[    3.517256] Key type blacklist registered
[    3.517319] workingset: timestamp_bits=36 max_order=18 bucket_order=0
[    3.519834] zbud: loaded
[    3.520709] squashfs: version 4.0 (2009/01/31) Phillip Lougher
[    3.520949] fuse init (API version 7.26)
[    3.522918] Key type asymmetric registered
[    3.522920] Asymmetric key parser 'x509' registered
[    3.522969] Block layer SCSI generic (bsg) driver version 0.4 loaded (major 246)
[    3.523052] io scheduler noop registered
[    3.523054] io scheduler deadline registered
[    3.523148] io scheduler cfq registered (default)
[    4.056757] ACPI: AC Adapter [AC] (on-line)
[    4.087678] input: Power Button as /devices/LNXSYSTM:00/LNXPWRBN:00/input/input0
[    4.110386] ACPI: Power Button [PWRF]
[    4.111105] input: Sleep Button as /devices/LNXSYSTM:00/LNXSLPBN:00/input/input1
[    4.112354] ACPI: Sleep Button [SLPF]
[    4.113419] Serial: 8250/16550 driver, 32 ports, IRQ sharing enabled
[    4.135762] 00:02: ttyS0 at I/O 0x3f8 (irq = 4, base_baud = 115200) is a 16550A
[    4.142193] Linux agpgart interface v0.103
[    4.151252] loop: module loaded
[    4.165371] scsi host0: ata_piix
[    4.166779] scsi host1: ata_piix
[    4.167700] ata1: PATA max UDMA/33 cmd 0x1f0 ctl 0x3f6 bmdma 0xd000 irq 14
[    4.173954] ata2: PATA max UDMA/33 cmd 0x170 ctl 0x376 bmdma 0xd008 irq 15
[    4.221714] libphy: Fixed MDIO Bus: probed
[    4.246008] tun: Universal TUN/TAP device driver, 1.6
[    4.247726] PPP generic driver version 2.4.2
[    4.249562] ehci_hcd: USB 2.0 'Enhanced' Host Controller (EHCI) Driver
[    4.251616] ehci-pci: EHCI PCI platform driver
[    4.253147] ehci-platform: EHCI generic platform driver
[    4.254628] ohci_hcd: USB 1.1 'Open' Host Controller (OHCI) Driver
[    4.256030] ohci-pci: OHCI PCI platform driver
[    4.262741] ohci-platform: OHCI generic platform driver
[    4.300838] uhci_hcd: USB Universal Host Controller Interface driver
[    4.314768] i8042: PNP: PS/2 Controller [PNP0303:PS2K,PNP0f03:PS2M] at 0x60,0x64 irq 1,12
[    4.348396] serio: i8042 KBD port at 0x60,0x64 irq 1
[    4.365241] serio: i8042 AUX port at 0x60,0x64 irq 12
[    4.366546] mousedev: PS/2 mouse device common for all mice
[    4.389002] input: AT Translated Set 2 keyboard as /devices/platform/i8042/serio0/input/input2
[    4.392161] rtc_cmos rtc_cmos: rtc core: registered rtc_cmos as rtc0
[    4.392249] rtc_cmos rtc_cmos: alarms up to one day, 114 bytes nvram
[    4.392262] i2c /dev entries driver
[    4.392270] pcie_mp2_amd: AMD(R) PCI-E MP2 Communication Driver Version: 1.0
[    4.392369] device-mapper: uevent: version 1.0.3
[    4.392449] device-mapper: ioctl: 4.37.0-ioctl (2017-09-20) initialised: dm-devel@redhat.com
[    4.501680] ledtrig-cpu: registered to indicate activity on CPUs
[    4.504235] NET: Registered protocol family 10
[    4.511572] Segment Routing with IPv6
[    4.581798] NET: Registered protocol family 17
[    4.654121] Key type dns_resolver registered
[    4.674652] RAS: Correctable Errors collector initialized.
[    4.726181] sched_clock: Marking stable (4726130875, 0)->(10147317781, -5421186906)
[    4.800364] registered taskstats version 1
[    4.801788] Loading compiled-in X.509 certificates
[    4.896104] Loaded X.509 cert 'Build time autogenerated kernel key: 1663f0131deec003b89e364b3e1eacfdeb38eccf'
[    4.917284] zswap: loaded using pool lzo/zbud
[    4.949273] Key type big_key registered
[    4.968557] Key type trusted registered
[    4.971975] Key type encrypted registered
[    5.041599] AppArmor: AppArmor sha1 policy hashing enabled
[    5.054020] ima: No TPM chip found, activating TPM-bypass! (rc=-19)
[    5.068271] ima: Allocated hash algorithm: sha1
[    5.069622] evm: HMAC attrs: 0x1
[    5.071078]   Magic number: 14:73:668
[    5.072592] rtc_cmos rtc_cmos: setting system clock to 2018-12-05 05:40:56 UTC (1543988456)
[    5.091955] BIOS EDD facility v0.16 2004-Jun-25, 0 devices found
[    5.140820] EDD information not available.
[    5.146700] Freeing unused kernel memory: 2408K
[    5.248234] Write protecting the kernel read-only data: 20480k
[    6.628247] Freeing unused kernel memory: 2008K
[    6.638461] Freeing unused kernel memory: 1892K
[    6.645668] x86/mm: Checked W+X mappings: passed, no W+X pages found.
Loading, please wait...
starting version 237
[    6.726890] Fusion MPT base driver 3.04.20
[    6.764779] Copyright (c) 1999-2008 LSI Corporation
[    6.922171] AVX version of gcm_enc/dec engaged.
[    6.937658] e1000: Intel(R) PRO/1000 Network Driver - version 7.3.21-k8-NAPI
[    6.937659] e1000: Copyright (c) 1999-2006 Intel Corporation.
[    7.187668] AES CTR mode by8 optimization enabled
[    7.290477] input: ImExPS/2 Generic Explorer Mouse as /devices/platform/i8042/serio1/input/input4
[    7.391554] Fusion MPT SPI Host driver 3.04.20
[    7.620312] e1000 0000:00:03.0 eth0: (PCI:33MHz:32-bit) 02:ec:de:eb:8e:43
[    7.916180] e1000 0000:00:03.0 eth0: Intel(R) PRO/1000 Network Connection
[    7.927292] e1000 0000:00:03.0 enp0s3: renamed from eth0
[    7.927532] mptbase: ioc0: Initiating bringup
[    8.024634] ioc0: LSI53C1030 A0: Capabilities={Initiator}
[    8.451644] scsi host2: ioc0: LSI53C1030 A0, FwRev=00000000h, Ports=1, MaxQ=256, IRQ=20
[    8.693441] scsi 2:0:0:0: Direct-Access     VBOX     HARDDISK         1.0  PQ: 0 ANSI: 5
[    8.748125] scsi target2:0:0: Beginning Domain Validation
[    8.775439] scsi target2:0:0: Domain Validation skipping write tests
[    8.818582] scsi target2:0:0: Ending Domain Validation
[    8.819660] scsi target2:0:0: asynchronous
[    8.821175] scsi 2:0:1:0: Direct-Access     VBOX     HARDDISK         1.0  PQ: 0 ANSI: 5
[    8.852105] scsi target2:0:1: Beginning Domain Validation
[    9.009204] random: fast init done
[    9.464201] scsi target2:0:1: Domain Validation skipping write tests
[    9.489554] scsi target2:0:1: Ending Domain Validation
[    9.508157] scsi target2:0:1: asynchronous
[    9.519148] random: systemd-udevd: uninitialized urandom read (16 bytes read)
[    9.519243] sd 2:0:0:0: Attached scsi generic sg0 type 0
[    9.519486] sd 2:0:1:0: Attached scsi generic sg1 type 0
[    9.594917] random: systemd-udevd: uninitialized urandom read (16 bytes read)
[    9.621778] random: systemd-udevd: uninitialized urandom read (16 bytes read)
[    9.697640] sd 2:0:1:0: [sdb] 20480 512-byte logical blocks: (10.5 MB/10.0 MiB)
[    9.698122] sd 2:0:0:0: [sda] 20971520 512-byte logical blocks: (10.7 GB/10.0 GiB)
[    9.698404] sd 2:0:0:0: [sda] Write Protect is off
[    9.698635] sd 2:0:0:0: [sda] Incomplete mode parameter data
[    9.698637] sd 2:0:0:0: [sda] Assuming drive cache: write through
[    9.722654]  sda: sda1
[    9.723599] sd 2:0:0:0: [sda] Attached SCSI disk
[   10.014455] sd 2:0:1:0: [sdb] Write Protect is off
[   10.015477] sd 2:0:1:0: [sdb] Incomplete mode parameter data
[   10.694942] sd 2:0:1:0: [sdb] Assuming drive cache: write through
[   10.744434] sd 2:0:1:0: [sdb] Attached SCSI disk
Begin: Loading essential drivers ... [   12.740188] raid6: sse2x1   gen()  6562 MB/s
[   12.792927] raid6: sse2x1   xor()  4377 MB/s
[   12.968353] raid6: sse2x2   gen() 10418 MB/s
[   13.140184] raid6: sse2x2   xor()  7254 MB/s
[   13.296058] raid6: sse2x4   gen()  9861 MB/s
[   13.408112] raid6: sse2x4   xor()  4977 MB/s
[   13.443007] raid6: using algorithm sse2x2 gen() 10418 MB/s
[   13.448131] raid6: .... xor() 7254 MB/s, rmw enabled
[   13.448964] raid6: using ssse3x2 recovery algorithm
[   13.452445] xor: automatically using best checksumming function   avx       
[   13.510338] async_tx: api initialized (async)
done.
Begin: Running /scripts/init-premount ... done.
Begin: Mounting root file system ... Begin: Running /scripts/local-top ... done.
Begin: Running /scripts/local-premount ... [   13.590798] Btrfs loaded, crc32c=crc32c-intel
Scanning for Btrfs filesystems
done.
Warning: fsck no[   13.655308] EXT4-fs (sda1): INFO: recovery required on readonly filesystem
t present, so skipping root file[   13.659378] EXT4-fs (sda1): write access will be enabled during recovery
 system
[   13.903861] EXT4-fs (sda1): recovery complete
[   13.968950] EXT4-fs (sda1): mounted filesystem with ordered data mode. Opts: (null)
done.
Begin: Running /scripts/local-bottom ... done.
Begin: Running /scripts/init-bottom ... done.
[   15.807901] ip_tables: (C) 2000-2006 Netfilter Core Team
[   15.913929] random: crng init done
[   15.979357] random: 7 urandom warning(s) missed due to ratelimiting
[   16.222152] systemd[1]: systemd 237 running in system mode. (+PAM +AUDIT +SELINUX +IMA +APPARMOR +SMACK +SYSVINIT +UTMP +LIBCRYPTSETUP +GCRYPT +GNUTLS +ACL +XZ +LZ4 +SECCOMP +BLKID +ELFUTILS +KMOD -IDN2 +IDN -PCRE2 default-hierarchy=hybrid)
[   16.403441] systemd[1]: Detected virtualization oracle.
[   16.481435] systemd[1]: Detected architecture x86-64.

Welcome to [1mUbuntu 18.04.1 LTS[0m!

[   16.593046] systemd[1]: Set hostname to <ubuntu-bionic>.
[   18.426115] systemd[1]: Reached target System Time Synchronized.
[[0;32m  OK  [0m] Reached target System Time Synchronized.
[   18.536825] systemd[1]: Set up automount Arbitrary Executable File Formats File System Automount Point.
[[0;32m  OK  [0m] Set up automount Arbitrary Executabâ€¦rmats File System Automount Point.
[   18.713542] systemd[1]: Reached target Swap.
[[0;32m  OK  [0m] Reached target Swap.
[   18.722602] systemd[1]: Created slice System Slice.
[[0;32m  OK  [0m] Created slice System Slice.
[   18.740410] systemd[1]: Listening on /dev/initctl Compatibility Named Pipe.
[[0;32m  OK  [0m] Listening on /dev/initctl Compatibility Named Pipe.
[   19.124982] systemd[1]: Listening on udev Kernel Socket.
[[0;32m  OK  [0m] Listening on udev Kernel Socket.
[[0;32m  OK  [0m] Listening on Journal Socket.
         Starting Load Kernel Modules...
         Mounting POSIX Message Queue File System...
[[0;32m  OK  [0m] Listening on udev Control Socket.
[[0;32m  OK  [0m] Listening on Device-mapper event daemon FIFOs.
[[0;32m  OK  [0m] Created slice system-serial\x2dgetty.slice.
         Starting Remount Root and Kernel File Systems...
[[0;32m  OK  [0m] Listening on Journal Audit Socket.
[[0;32m  OK  [0m] Listening on LVM2 poll daemon socket.
         Mounting Huge Pages File System...
[[0;32m  OK  [0m] Listening on Network Service Netlink Socket.
         Starting udev Coldplug all Devices...
[[0;32m  OK  [0m] Listening on Syslog Socket.
         Starting Create list of required stâ€¦ce nodes for the current kernel...
[[0;32m  OK  [0m] Listening on Journal Socket (/dev/log).
         Starting Journal Service...
[   19.436524] Loading iSCSI transport class v2.0-870.
         Mounting Kernel Debug File System...
         Starting Set the console keyboard layout...
         Starting Uncomplicated firewall...
[[0;32m  OK  [0m] Created slice User and Session Slice.
[[0;32m  OK  [0m] Reached target Slices.
[[0;32m  OK  [0m] Listening on LVM2 metadata daemon socket.
         Starting Monitoring of LVM2 mirrorsâ€¦ng dmeventd or progress polling...
[[0;32m  OK  [0m] Started Forward Password Requests to Wall Directory Watch.
[[0;32m  OK  [0m] Reached target User and Group Name Lookups.
[[0;32m  OK  [0m] Started Create list of required staâ€¦vice nodes for the current kernel.
[[0;32m  OK  [0m] Started udev Coldplug all Devices.
         Starting Create Static Device Nodes in /dev...
[[0;32m  OK  [0m] Started Journal Service.
[[0;32m  OK  [0m] Started Uncomplicated firewall.
[   20.235917] iscsi: registered transport (tcp)
[[0;32m  OK  [0m] Started Create Static Device Nodes in /dev.
[   21.456114] iscsi: registered transport (iser)
[[0;32m  OK  [0m] Started Load Kernel Modules.
         Mounting Kernel Configuration File System...
         Starting Apply Kernel Variables...
         Mounting FUSE Control File System...
[[0;32m  OK  [0m] Started Apply Kernel Variables.
[[0;32m  OK  [0m] Mounted POSIX Message Queue File System.
[[0;32m  OK  [0m] Mounted Huge Pages File System.
[[0;32m  OK  [0m] Mounted Kernel Debug File System.
[[0;32m  OK  [0m] Mounted Kernel Configuration File System.
[[0;32m  OK  [0m] Started Remount Root and Kernel File Systems.
[[0;32m  OK  [0m] Mounted FUSE Control File System.
[[0;32m  OK  [0m] Started LVM2 metadata daemon.
         Starting udev Kernel Device Manager...
         Starting Flush Journal to Persistent Storage...
         Starting Initial cloud-init job (pre-networking)...
         Starting Load/Save Random Seed...
[[0;32m  OK  [0m] Started Set the console keyboard layout.
[[0;32m  OK  [0m] Started Monitoring of LVM2 mirrors,â€¦sing dmeventd or progress polling.
[[0;32m  OK  [0m] Reached target Local File Systems (Pre).
[[0;32m  OK  [0m] Reached target Local File Systems.
         Starting AppArmor initialization...
         Starting Tell Plymouth To Write Out Runtime Data...
         Starting Set console font and keymap...
         Starting ebtables ruleset management...
[[0;32m  OK  [0m] Started udev Kernel Device Manager.
[[0;32m  OK  [0m] Started Load/Save Random Seed.
[[0;32m  OK  [0m] Started Dispatch Password Requests to Console Directory Watch.
[[0;32m  OK  [0m] Reached target Local Encrypted Volumes.
[[0;32m  OK  [0m] Started Tell Plymouth To Write Out Runtime Data.
[[0;32m  OK  [0m] Started Set console font and keymap.
[[0;32m  OK  [0m] Started Flush Journal to Persistent Storage.
         Starting Create Volatile Files and Directories...
[[0;32m  OK  [0m] Started Create Volatile Files and Directories.
         Starting Update UTMP about System Boot/Shutdown...
[[0;32m  OK  [0m] Found device /dev/ttyS0.
[[0;32m  OK  [0m] Started ebtables ruleset management.
[[0;32m  OK  [0m] Started Update UTMP about System Boot/Shutdown.
[[0;32m  OK  [0m] Listening on Load/Save RF Kill Switch Status /dev/rfkill Watch.
[[0;32m  OK  [0m] Started AppArmor initialization.
[   33.225078] cloud-init[418]: Cloud-init v. 18.4-0ubuntu1~18.04.1 running 'init-local' at Wed, 05 Dec 2018 05:41:24 +0000. Up 32.69 seconds.
[[0;32m  OK  [0m] Started Initial cloud-init job (pre-networking).
[[0;32m  OK  [0m] Reached target Network (Pre).
         Starting Network Service...
[[0;32m  OK  [0m] Started Network Service.
         Starting Wait for Network to be Configured...
         Starting Network Name Resolution...
[[0;32m  OK  [0m] Started Network Name Resolution.
[[0;32m  OK  [0m] Reached target Host and Network Name Lookups.
[[0;32m  OK  [0m] Reached target Network.
[[0;32m  OK  [0m] Started Wait for Network to be Configured.
         Starting Initial cloud-init job (metadata service crawler)...
[   36.171667] cloud-init[659]: Cloud-init v. 18.4-0ubuntu1~18.04.1 running 'init' at Wed, 05 Dec 2018 05:41:27 +0000. Up 35.84 seconds.
[   36.208076] cloud-init[659]: ci-info: ++++++++++++++++++++++++++++++++++++++Net device info++++++++++++++++++++++++++++++++++++++
[   36.235711] cloud-init[659]: ci-info: +--------+------+----------------------------+---------------+--------+-------------------+
[   36.247643] cloud-init[659]: ci-info: | Device |  Up  |          Address           |      Mask     | Scope  |     Hw-Address    |
[   36.254934] cloud-init[659]: ci-info: +--------+------+----------------------------+---------------+--------+-------------------+
[   36.272303] cloud-init[659]: ci-info: | enp0s3 | True |         10.0.2.15          | 255.255.255.0 | global | 02:ec:de:eb:8e:43 |
[   36.290583] cloud-init[659]: ci-info: | enp0s3 | True | fe80::ec:deff:feeb:8e43/64 |       .       |  link  | 02:ec:de:eb:8e:43 |
[   36.320513] cloud-init[659]: ci-info: |   lo   | True |         127.0.0.1          |   255.0.0.0   |  host  |         .         |
[   36.326252] cloud-init[659]: ci-info: |   lo   | True |          ::1/128           |       .       |  host  |         .         |
[   36.332100] cloud-init[659]: ci-info: +--------+------+----------------------------+---------------+--------+-------------------+
[   36.347750] cloud-init[659]: ci-info: ++++++++++++++++++++++++++++Route IPv4 info+++++++++++++++++++++++++++++
[   36.362149] cloud-init[659]: ci-info: +-------+-------------+----------+-----------------+-----------+-------+
[   36.383851] cloud-init[659]: ci-info: | Route | Destination | Gateway  |     Genmask     | Interface | Flags |
[   36.425553] cloud-init[659]: ci-info: +-------+-------------+----------+-----------------+-----------+-------+
[   36.460405] cloud-init[659]: ci-info: |   0   |   0.0.0.0   | 10.0.2.2 |     0.0.0.0     |   enp0s3  |   UG  |
[   36.487316] cloud-init[659]: ci-info: |   1   |   10.0.2.0  | 0.0.0.0  |  255.255.255.0  |   enp0s3  |   U   |
[   36.495058] cloud-init[659]: ci-info: |   2   |   10.0.2.2  | 0.0.0.0  | 255.255.255.255 |   enp0s3  |   UH  |
[   36.534508] cloud-init[659]: ci-info: +-------+-------------+----------+-----------------+-----------+-------+
[   36.543280] cloud-init[659]: ci-info: +++++++++++++++++++Route IPv6 info+++++++++++++++++++
[   36.551958] cloud-init[659]: ci-info: +-------+-------------+---------+-----------+-------+
[   36.564258] cloud-init[659]: ci-info: | Route | Destination | Gateway | Interface | Flags |
[   36.571312] cloud-init[659]: ci-info: +-------+-------------+---------+-----------+-------+
[   36.575132] cloud-init[659]: ci-info: |   1   |  fe80::/64  |    ::   |   enp0s3  |   U   |
[   36.577940] cloud-init[659]: ci-info: |   3   |    local    |    ::   |   enp0s3  |   U   |
[   36.597325] cloud-init[659]: ci-info: |   4   |   ff00::/8  |    ::   |   enp0s3  |   U   |
[   36.599892] cloud-init[659]: ci-info: +-------+-------------+---------+-----------+-------+
[[0;32m  OK  [0m] Started Initial cloud-init job (metadata service crawler).
[[0;32m  OK  [0m] Reached target Network is Online.
[[0;32m  OK  [0m] Reached target Remote File Systems (Pre).
[[0;32m  OK  [0m] Reached target Remote File Systems.
         Starting Availability of block devices...
[[0;32m  OK  [0m] Reached target Cloud-config availability.
[[0;32m  OK  [0m] Reached target System Initialization.
[[0;32m  OK  [0m] Started Daily apt download activities.
[[0;32m  OK  [0m] Started Daily apt upgrade and clean activities.
[[0;32m  OK  [0m] Started Discard unused blocks once a week.
[[0;32m  OK  [0m] Started Message of the Day.
         Starting Socket activation for snappy daemon.
[[0;32m  OK  [0m] Listening on ACPID Listen Socket.
[[0;32m  OK  [0m] Listening on UUID daemon activation socket.
[[0;32m  OK  [0m] Started Daily Cleanup of Temporary Directories.
[[0;32m  OK  [0m] Reached target Timers.
[[0;32m  OK  [0m] Started ACPI Events Check.
[[0;32m  OK  [0m] Reached target Paths.
[[0;32m  OK  [0m] Listening on D-Bus System Message Bus Socket.
         Starting LXD - unix socket.
[[0;32m  OK  [0m] Listening on Open-iSCSI iscsid Socket.
[[0;32m  OK  [0m] Started Availability of block devices.
[[0;32m  OK  [0m] Listening on Socket activation for snappy daemon.
[[0;32m  OK  [0m] Listening on LXD - unix socket.
[[0;32m  OK  [0m] Reached target Sockets.
[[0;32m  OK  [0m] Reached target Basic System.
         Starting Accounts Service...
[[0;32m  OK  [0m] Started FUSE filesystem for LXC.
[[0;32m  OK  [0m] Started D-Bus System Message Bus.
         Starting LSB: Record successful boot for GRUB...
         Starting LXD - container startup/shutdown...
[[0;32m  OK  [0m] Started irqbalance daemon.
         Starting Permit User Sessions...
         Starting System Logging Service...
[[0;32m  OK  [0m] Started Unattended Upgrades Shutdown.
         Starting OpenBSD Secure Shell server...
         Starting Dispatcher daemon for systemd-networkd...
         Starting LSB: automatic crash report generation...
[[0;32m  OK  [0m] Started Deferred execution scheduler.
[[0;32m  OK  [0m] Started Regular background program processing daemon.
         Starting Virtualbox guest utils...
         Starting Login Service...
         Starting Snappy daemon...
[[0;32m  OK  [0m] Started System Logging Service.
[[0;32m  OK  [0m] Started Permit User Sessions.
[[0;32m  OK  [0m] Started Login Service.
         Starting Authorization Manager...
         Starting Hold until boot process finishes up...
         Starting Terminate Plymouth Boot Screen...
[[0;32m  OK  [0m] Started Hold until boot process finishes up.
[[0;32m  OK  [0m] Started Terminate Plymouth Boot Screen.
         Starting Set console scheme...
[[0;32m  OK  [0m] Started Serial Getty on ttyS0.
[[0;32m  OK  [0m] Started LSB: automatic crash report generation.
[[0;32m  OK  [0m] Started Set console scheme.
[[0;32m  OK  [0m] Created slice system-getty.slice.
[[0;32m  OK  [0m] Started Getty on tty1.
[[0;32m  OK  [0m] Reached target Login Prompts.
[[0;32m  OK  [0m] Started LSB: Record successful boot for GRUB.
[[0;32m  OK  [0m] Started Authorization Manager.
[[0;32m  OK  [0m] Started Accounts Service.
[[0;32m  OK  [0m] Started Virtualbox guest utils.
[[0;32m  OK  [0m] Started OpenBSD Secure Shell server.
[[0;32m  OK  [0m] Created slice User Slice of vagrant.
[[0;32m  OK  [0m] Started Session 1 of user vagrant.
         Starting User Manager for UID 1000...
[[0;32m  OK  [0m] Started Snappy daemon.
         Starting Wait until snapd is fully seeded...
[[0;32m  OK  [0m] Started LXD - container startup/shutdown.
[[0;32m  OK  [0m] Started Wait until snapd is fully seeded.
         Starting Apply the settings specified in cloud-config...
[[0;32m  OK  [0m] Started Dispatcher daemon for systemd-networkd.
[[0;32m  OK  [0m] Reached target Multi-User System.
[[0;32m  OK  [0m] Reached target Graphical Interface.
         Starting Update UTMP about System Runlevel Changes...
[[0;32m  OK  [0m] Started Update UTMP about System Runlevel Changes.
[[0;32m  OK  [0m] Started User Manager for UID 1000.
[[0;32m  OK  [0m] Started Apply the settings specified in cloud-config.
         Starting Execute cloud user/final scripts...
[   45.758312] cloud-init[1247]: Cloud-init v. 18.4-0ubuntu1~18.04.1 running 'modules:config' at Wed, 05 Dec 2018 05:41:36 +0000. Up 45.17 seconds.
[   46.510483] cloud-init[1329]: Cloud-init v. 18.4-0ubuntu1~18.04.1 running 'modules:final' at Wed, 05 Dec 2018 05:41:37 +0000. Up 46.18 seconds.
[   46.511395] cloud-init[1329]: Cloud-init v. 18.4-0ubuntu1~18.04.1 finished at Wed, 05 Dec 2018 05:41:37 +0000. Datasource DataSourceNoCloud [seed=/dev/sdb][dsmode=net].  Up 46.49 seconds

Ubuntu 18.04.1 LTS ubuntu-bionic ttyS0

ubuntu-bionic login:          Stopping Authorization Manager...
         Stp         Stopping Snappy daemon...
[[0;32m  OK  [0m] Unmounted /var/lib/lxcfs.
[[0;32m  OK  [0m] Stopped Accounts Service.
[[0;32m  OK  [0m] Stopped irqbalance daemon.
[[0;32m  OK  [0m] Stopped System Logging Service.
[[0;32m  OK  [0m] Stopped Unattended Upgrades Shutdown.
[[0;32m  OK  [0m] Stopped Dispatcher daemon for systemd-networkd.
[[0;32m  OK  [0m] Stopped Deferred execution scheduler.
[[0;32m  OK  [0m] Stopped Regular background program processing daemon.
[[0;32m  OK  [0m] Stopped Snappy daemon.
[[0;32m  OK  [0m] Stopped Authorization Manager.
[[0;32m  OK  [0m] Stopped Serial Getty on ttyS0.
[[0;32m  OK  [0m] Stopped Getty on tty1.
[[0;32m  OK  [0m] Stopped OpenBSD Secure Shell server.
[[0;32m  OK  [0m] Stopped User Manager for UID 1000.
[[0;32m  OK  [0m] Stopped Availability of block devices.
[[0;32m  OK  [0m] Stopped D-Bus System Message Bus.
[[0;32m  OK  [0m] Stopped FUSE filesystem for LXC.
[[0;32m  OK  [0m] Stopped Session 7 of user vagrant.
[[0;32m  OK  [0m] Stopped Session 6 of user vagrant.
[[0;32m  OK  [0m] Removed slice User Slice of vagrant.
         Stopping Login Service...
[[0;32m  OK  [0m] Removed slice system-getty.slice.
[[0;32m  OK  [0m] Removed slice system-serial\x2dgetty.slice.
         Stopping Permit User Sessions...
[[0;32m  OK  [0m] Stopped LXD - container startup/shutdown.
[[0;32m  OK  [0m] Stopped Virtualbox guest utils.
[[0;32m  OK  [0m] Stopped Login Service.
[[0;32m  OK  [0m] Stopped LSB: automatic crash report generation.
[[0;32m  OK  [0m] Stopped Permit User Sessions.
[[0;32m  OK  [0m] Stopped target Network.
         Stopping Network Name Resolution...
[[0;32m  OK  [0m] Stopped target Remote File Systems.
[[0;32m  OK  [0m] Stopped target Remote File Systems (Pre).
[[0;32m  OK  [0m] Stopped target User and Group Name Lookups.
[[0;32m  OK  [0m] Stopped Network Name Resolution.
[[0;32m  OK  [0m] Stopped LSB: Record successful boot for GRUB.
[[0;32m  OK  [0m] Stopped target Basic System.
[[0;32m  OK  [0m] Stopped target Sockets.
[[0;32m  OK  [0m] Closed LXD - unix socket.
[[0;32m  OK  [0m] Closed ACPID Listen Socket.
[[0;32m  OK  [0m] Closed Open-iSCSI iscsid Socket.
[[0;32m  OK  [0m] Closed D-Bus System Message Bus Socket.
[[0;32m  OK  [0m] Closed Syslog Socket.
[[0;32m  OK  [0m] Closed Socket activation for snappy daemon.
[[0;32m  OK  [0m] Closed UUID daemon activation socket.
[[0;32m  OK  [0m] Stopped target Slices.
[[0;32m  OK  [0m] Removed slice User and Session Slice.
[[0;32m  OK  [0m] Stopped target Paths.
[[0;32m  OK  [0m] Stopped ACPI Events Check.
[[0;32m  OK  [0m] Stopped target System Initialization.
[[0;32m  OK  [0m] Stopped target Local Encrypted Volumes.
[[0;32m  OK  [0m] Stopped Forward Password Requests to Wall Directory Watch.
[[0;32m  OK  [0m] Stopped Dispatch Password Requests to Console Directory Watch.
         Stopping Load/Save Random Seed...
[[0;32m  OK  [0m] Stopped Initial cloud-init job (metadata service crawler).
[[0;32m  OK  [0m] Stopped Wait for Network to be Configured.
         Stopping Update UTMP about System Boot/Shutdown...
         Stopping Network Service...
[[0;32m  OK  [0m] Stopped Load/Save Random Seed.
[[0;32m  OK  [0m] Stopped Update UTMP about System Boot/Shutdown.
[[0;32m  OK  [0m] Stopped Create Volatile Files and Directories.
[[0;32m  OK  [0m] Stopped target Local File Systems.
         Unmounting /run/user/1000...
         Unmounting /src...
         Unmounting /vagrant...
[[0;32m  OK  [0m] Unmounted /run/user/1000.
[[0;32m  OK  [0m] Unmounted /src.
[[0;32m  OK  [0m] Stopped Network Service.
[[0;32m  OK  [0m] Unmounted /vagrant.
[[0;32m  OK  [0m] Stopped target Network (Pre).
[[0;32m  OK  [0m] Stopped Initial cloud-init job (pre-networking).
[[0;32m  OK  [0m] Stopped Apply Kernel Variables.
[[0;32m  OK  [0m] Stopped Load Kernel Modules.
[[0;32m  OK  [0m] Reached target Unmount All Filesystems.
[[0;32m  OK  [0m] Stopped target Local File Systems (Pre).
[[0;32m  OK  [0m] Stopped Create Static Device Nodes in /dev.
         Stopping Monitoring of LVM2 mirrorsâ€¦ng dmeventd or progress polling...
[[0;32m  OK  [0m] Stopped Remount Root and Kernel File Systems.
[[0;32m  OK  [0m] Stopped target Swap.
[[0;32m  OK  [0m] Reached target Shutdown.
[[0;32m  OK  [0m] Reached target Final Step.
         Starting Power-Off...
[[0;32m  OK  [0m] Stopped Monitoring of LVM2 mirrors,â€¦sing dmeventd or progress polling.
         Stopping LVM2 metadata daemon...
[[0;32m  OK  [0m] Stopped LVM2 metadata daemon.
[  160.462396] reboot: Power down
